------------------------------------------------------------
TimeQuest Timing Analyzer Summary
------------------------------------------------------------

Type  : Slow Model Setup 'KEY[1]'
Slack : -7.968
TNS   : -1331.009

Type  : Slow Model Setup 'ProcessadorMulticiclo:processador|registradoresI:RegI|IR[6]'
Slack : -7.013
TNS   : -114.385

Type  : Slow Model Hold 'ProcessadorMulticiclo:processador|registradoresI:RegI|IR[6]'
Slack : -6.339
TNS   : -91.951

Type  : Slow Model Hold 'KEY[1]'
Slack : -1.487
TNS   : -3.939

Type  : Slow Model Minimum Pulse Width 'ProcessadorMulticiclo:processador|registradoresI:RegI|IR[6]'
Slack : -3.394
TNS   : -538.696

Type  : Slow Model Minimum Pulse Width 'KEY[1]'
Slack : -2.000
TNS   : -335.380

Type  : Fast Model Setup 'KEY[1]'
Slack : -3.112
TNS   : -517.801

Type  : Fast Model Setup 'ProcessadorMulticiclo:processador|registradoresI:RegI|IR[6]'
Slack : -2.875
TNS   : -44.991

Type  : Fast Model Hold 'ProcessadorMulticiclo:processador|registradoresI:RegI|IR[6]'
Slack : -3.131
TNS   : -45.496

Type  : Fast Model Hold 'KEY[1]'
Slack : -1.034
TNS   : -23.650

Type  : Fast Model Minimum Pulse Width 'KEY[1]'
Slack : -2.000
TNS   : -335.380

Type  : Fast Model Minimum Pulse Width 'ProcessadorMulticiclo:processador|registradoresI:RegI|IR[6]'
Slack : -1.153
TNS   : -171.942

------------------------------------------------------------
